
> sudokuza-live@0.0.0 build
> next build --webpack

Ôû▓ Next.js 16.1.6 (webpack)
- Environments: .env.local

  Creating an optimized production build ...
> [PWA] Compile server
> [PWA] Compile server
> [PWA] Compile client (static)
> [PWA] Auto register service worker with: C:\Users\joaop\.gemini\antigravity\scratch\sudoku-master-pro\node_modules\next-pwa\register.js
> [PWA] Service worker: C:\Users\joaop\.gemini\antigravity\scratch\sudoku-master-pro\public\sw.js
> [PWA]   url: /sw.js
> [PWA]   scope: /
Ô£ô Compiled successfully in 10.4s
  Running TypeScript ...
  Collecting page data using 11 workers ...
  Generating static pages using 11 workers (0/3) ...
Ô£ô Generating static pages using 11 workers (3/3) in 488.8ms
  Finalizing page optimization ...
  Collecting build traces ...

Route (app)
Ôöî Ôùï /
Ôöö Ôùï /_not-found


Ôùï  (Static)  prerendered as static content

